../Core/Src/main.c:117:6:lcd_send_nibble	16	static
../Core/Src/main.c:131:6:lcd_send_command	24	static
../Core/Src/main.c:144:6:lcd_send_data	24	static
../Core/Src/main.c:157:6:lcd_init	8	static
../Core/Src/main.c:174:6:lcd_display_string	16	static
../Core/Src/main.c:182:10:DEV_I2C_ReadWord	40	static
../Core/Src/main.c:190:17:TCS34725_ReadWord	16	static
../Core/Src/main.c:196:6:DEV_I2C_WriteByte	40	static
../Core/Src/main.c:203:6:TCS34725_WriteByte	16	static
../Core/Src/main.c:209:6:TCS34725_Init	8	static
../Core/Src/main.c:217:6:TCS34725_Set_Integration_Time	16	static
../Core/Src/main.c:224:6:TCS34725_Set_Gain	16	static
../Core/Src/main.c:230:5:TCS34725_Get_RGBData	24	static
../Core/Src/main.c:247:10:TCS34725_GetRGB888	24	static
../Core/Src/main.c:293:13:TCS34725_Set_Interrupt_Threshold	16	static
../Core/Src/main.c:301:13:TCS34725_Set_Interrupt_Persistence_Reg	16	static
../Core/Src/main.c:309:9:TCS34725_GetLux_Interrupt	16	static
../Core/Src/main.c:326:5:main	120	static
../Core/Src/main.c:444:6:SystemClock_Config	88	static
../Core/Src/main.c:486:13:MX_I2C2_Init	8	static
../Core/Src/main.c:534:13:MX_TIM3_Init	48	static
../Core/Src/main.c:583:13:MX_USART3_UART_Init	8	static
../Core/Src/main.c:618:13:MX_GPIO_Init	48	static
../Core/Src/main.c:669:6:Error_Handler	4	static,ignoring_inline_asm
