../Core/Src/main.c:98:10:DEV_I2C_ReadWord	40	static
../Core/Src/main.c:106:17:TCS34725_ReadWord	16	static
../Core/Src/main.c:112:6:DEV_I2C_WriteByte	40	static
../Core/Src/main.c:119:6:TCS34725_WriteByte	16	static
../Core/Src/main.c:125:6:TCS34725_Init	8	static
../Core/Src/main.c:133:6:TCS34725_Set_Integration_Time	16	static
../Core/Src/main.c:140:6:TCS34725_Set_Gain	16	static
../Core/Src/main.c:146:5:TCS34725_Get_RGBData	24	static
../Core/Src/main.c:163:10:TCS34725_GetRGB888	24	static
../Core/Src/main.c:209:13:TCS34725_Set_Interrupt_Threshold	16	static
../Core/Src/main.c:217:13:TCS34725_Set_Interrupt_Persistence_Reg	16	static
../Core/Src/main.c:225:9:TCS34725_GetLux_Interrupt	16	static
../Core/Src/main.c:242:5:main	96	static
../Core/Src/main.c:339:6:SystemClock_Config	88	static
../Core/Src/main.c:381:13:MX_I2C2_Init	8	static
../Core/Src/main.c:429:13:MX_TIM3_Init	48	static
../Core/Src/main.c:478:13:MX_USART3_UART_Init	8	static
../Core/Src/main.c:513:13:MX_GPIO_Init	48	static
../Core/Src/main.c:553:6:Error_Handler	4	static,ignoring_inline_asm
